#-----------------------------------------------------------
# Vivado v2025.1 (64-bit)
# SW Build 6140274 on Thu May 22 00:12:29 MDT 2025
# IP Build 6138677 on Thu May 22 03:10:11 MDT 2025
# SharedData Build 6139179 on Tue May 20 17:58:58 MDT 2025
# Start of session at: Thu Apr  9 21:21:19 2026
# Process ID         : 22408
# Current directory  : D:/Career tracks/Digial_IC/07-Design_tutorial/03-project_tutorial
# Command line       : vivado.exe -gui_launcher_event rodinguilauncherevent6080 D:\Career tracks\Digial_IC\07-Design_tutorial\03-project_tutorial\project_tutorial.xpr
# Log file           : D:/Career tracks/Digial_IC/07-Design_tutorial/03-project_tutorial/vivado.log
# Journal file       : D:/Career tracks/Digial_IC/07-Design_tutorial/03-project_tutorial\vivado.jou
# Running On         : MohamedAyman
# Platform           : Windows Server 2016 or Windows 10
# Operating System   : 26200
# Processor Detail   : AMD Ryzen 7 5800H with Radeon Graphics         
# CPU Frequency      : 3194 MHz
# CPU Physical cores : 8
# CPU Logical cores  : 16
# Host memory        : 14877 MB
# Swap memory        : 11811 MB
# Total Virtual      : 26688 MB
# Available Virtual  : 9814 MB
#-----------------------------------------------------------
start_gui
open_project {D:/Career tracks/Digial_IC/07-Design_tutorial/03-project_tutorial/project_tutorial.xpr}
update_compile_order -fileset sources_1
