#-----------------------------------------------------------
# Vivado v2025.1 (64-bit)
# SW Build 6140274 on Thu May 22 00:12:29 MDT 2025
# IP Build 6138677 on Thu May 22 03:10:11 MDT 2025
# SharedData Build 6139179 on Tue May 20 17:58:58 MDT 2025
# Start of session at: Thu Apr  9 22:45:41 2026
# Process ID         : 2936
# Current directory  : D:/Career tracks/Digial_IC/07-Design_tutorial/03-project_tutorial
# Command line       : vivado.exe -gui_launcher_event rodinguilauncherevent20820 D:\Career tracks\Digial_IC\07-Design_tutorial\03-project_tutorial\project_tutorial.xpr
# Log file           : D:/Career tracks/Digial_IC/07-Design_tutorial/03-project_tutorial/vivado.log
# Journal file       : D:/Career tracks/Digial_IC/07-Design_tutorial/03-project_tutorial\vivado.jou
# Running On         : MohamedAyman
# Platform           : Windows Server 2016 or Windows 10
# Operating System   : 26200
# Processor Detail   : AMD Ryzen 7 5800H with Radeon Graphics         
# CPU Frequency      : 3194 MHz
# CPU Physical cores : 8
# CPU Logical cores  : 16
# Host memory        : 14877 MB
# Swap memory        : 11811 MB
# Total Virtual      : 26688 MB
# Available Virtual  : 9507 MB
#-----------------------------------------------------------
start_gui
open_project {D:/Career tracks/Digial_IC/07-Design_tutorial/03-project_tutorial/project_tutorial.xpr}
update_compile_order -fileset sources_1
close [ open {D:/Career tracks/Digial_IC/07-Design_tutorial/03-project_tutorial/project_tutorial.srcs/sources_1/new/always_comb.sv} w ]
add_files {{D:/Career tracks/Digial_IC/07-Design_tutorial/03-project_tutorial/project_tutorial.srcs/sources_1/new/always_comb.sv}}
update_compile_order -fileset sources_1
# Disabling source management mode.  This is to allow the top design properties to be set without GUI intervention.
set_property source_mgmt_mode None [current_project]
set_property top always_combs [current_fileset]
# Re-enabling previously disabled source management mode.
set_property source_mgmt_mode All [current_project]
update_compile_order -fileset sources_1
synth_design -rtl -rtl_skip_mlo -name rtl_1
close [ open {D:/Career tracks/Digial_IC/07-Design_tutorial/03-project_tutorial/project_tutorial.srcs/sources_1/new/always_latch.sv} w ]
add_files {{D:/Career tracks/Digial_IC/07-Design_tutorial/03-project_tutorial/project_tutorial.srcs/sources_1/new/always_latch.sv}}
update_compile_order -fileset sources_1
# Disabling source management mode.  This is to allow the top design properties to be set without GUI intervention.
set_property source_mgmt_mode None [current_project]
set_property top always_latchs [current_fileset]
# Re-enabling previously disabled source management mode.
set_property source_mgmt_mode All [current_project]
update_compile_order -fileset sources_1
refresh_design
refresh_design
refresh_design
refresh_design
close [ open {D:/Career tracks/Digial_IC/07-Design_tutorial/03-project_tutorial/project_tutorial.srcs/sources_1/new/always_ffs.v} w ]
add_files {{D:/Career tracks/Digial_IC/07-Design_tutorial/03-project_tutorial/project_tutorial.srcs/sources_1/new/always_ffs.v}}
update_compile_order -fileset sources_1
# Disabling source management mode.  This is to allow the top design properties to be set without GUI intervention.
set_property source_mgmt_mode None [current_project]
set_property top always_ffs [current_fileset]
# Re-enabling previously disabled source management mode.
set_property source_mgmt_mode All [current_project]
update_compile_order -fileset sources_1
refresh_design
set_property file_type SystemVerilog [get_files  {{D:/Career tracks/Digial_IC/07-Design_tutorial/03-project_tutorial/project_tutorial.srcs/sources_1/new/always_ffs.v}}]
refresh_design
